[2m2026-10-01T18:39:55.000000Z[0m [32m INFO[0m [2mhsmp_server[0m[2m:[0m hsmp-server starting [3mbind[0m[2m=[0m127.0.0.1:7777
2026-10-01T18:40:02.300000Z  INFO hsmp_server::server: match start: arena locked arena=Map_Arena_Alley
[2m2026-10-01T18:40:02.300000Z[0m [32m INFO[0m [2mhsmp_server::server[0m[2m:[0m match: countdown begins (waiting for clients to load) round=1
[2m2026-10-01T18:40:08.000000Z[0m [32m INFO[0m [2mhsmp_server::server[0m[2m:[0m match: all clients loaded; countdown running round=1
[2m2026-10-01T18:40:11.000000Z[0m [32m INFO[0m [2mhsmp_server::server[0m[2m:[0m match: live round=1
[2m2026-10-01T18:40:22.000000Z[0m [32m INFO[0m [2mhsmp_server::server[0m[2m:[0m match: round over, settling 1500 ms for trades round=1
[2m2026-10-01T18:40:25.000000Z[0m [32m INFO[0m [2mhsmp_server::server[0m[2m:[0m match: countdown begins (waiting for clients to load) round=2
[2m2026-10-01T18:40:31.000000Z[0m [32m INFO[0m [2mhsmp_server::server[0m[2m:[0m match: all clients loaded; countdown running round=2
[2m2026-10-01T18:40:34.000000Z[0m [32m INFO[0m [2mhsmp_server::server[0m[2m:[0m match: live round=2
[2m2026-10-01T18:40:45.000000Z[0m [32m INFO[0m [2mhsmp_server::server[0m[2m:[0m match: round over, settling 1500 ms for trades round=2
[2m2026-10-01T18:40:48.000000Z[0m [32m INFO[0m [2mhsmp_server::server[0m[2m:[0m match: countdown begins (waiting for clients to load) round=3
[2m2026-10-01T18:40:54.000000Z[0m [32m INFO[0m [2mhsmp_server::server[0m[2m:[0m match: all clients loaded; countdown running round=3
[2m2026-10-01T18:40:57.000000Z[0m [32m INFO[0m [2mhsmp_server::server[0m[2m:[0m match: live round=3
[2m2026-10-01T18:41:08.000000Z[0m [32m INFO[0m [2mhsmp_server::server[0m[2m:[0m match: round over, settling 1500 ms for trades round=3
[2m2026-10-01T18:41:11.400000Z[0m [32m INFO[0m [2mhsmp_server::server[0m[2m:[0m ? round=3
[2m2026-10-01T18:41:11.500000Z[0m [32m INFO[0m [2mhsmp_server::server[0m[2m:[0m match: all participants gone; back to lobby round=3
2026-10-01T18:41:16.300000Z  INFO hsmp_server::server: match start: arena locked arena=Map_Arena_Pit
[2m2026-10-01T18:41:16.300000Z[0m [32m INFO[0m [2mhsmp_server::server[0m[2m:[0m match: countdown begins (waiting for clients to load) round=1
[2m2026-10-01T18:41:22.000000Z[0m [32m INFO[0m [2mhsmp_server::server[0m[2m:[0m match: all clients loaded; countdown running round=1
[2m2026-10-01T18:41:25.000000Z[0m [32m INFO[0m [2mhsmp_server::server[0m[2m:[0m match: live round=1
[2m2026-10-01T18:41:36.000000Z[0m [32m INFO[0m [2mhsmp_server::server[0m[2m:[0m match: round over, settling 1500 ms for trades round=1
[2m2026-10-01T18:41:39.000000Z[0m [32m INFO[0m [2mhsmp_server::server[0m[2m:[0m match: countdown begins (waiting for clients to load) round=2
[2m2026-10-01T18:41:45.000000Z[0m [32m INFO[0m [2mhsmp_server::server[0m[2m:[0m match: all clients loaded; countdown running round=2
[2m2026-10-01T18:41:48.000000Z[0m [32m INFO[0m [2mhsmp_server::server[0m[2m:[0m match: live round=2
[2m2026-10-01T18:41:59.000000Z[0m [32m INFO[0m [2mhsmp_server::server[0m[2m:[0m match: round over, settling 1500 ms for trades round=2
[2m2026-10-01T18:42:02.000000Z[0m [32m INFO[0m [2mhsmp_server::server[0m[2m:[0m match: countdown begins (waiting for clients to load) round=3
[2m2026-10-01T18:42:08.000000Z[0m [32m INFO[0m [2mhsmp_server::server[0m[2m:[0m match: all clients loaded; countdown running round=3
[2m2026-10-01T18:42:11.000000Z[0m [32m INFO[0m [2mhsmp_server::server[0m[2m:[0m match: live round=3
[2m2026-10-01T18:42:22.000000Z[0m [32m INFO[0m [2mhsmp_server::server[0m[2m:[0m match: round over, settling 1500 ms for trades round=3
[2m2026-10-01T18:42:25.400000Z[0m [32m INFO[0m [2mhsmp_server::server[0m[2m:[0m ? round=3
[2m2026-10-01T18:42:25.500000Z[0m [32m INFO[0m [2mhsmp_server::server[0m[2m:[0m match: all participants gone; back to lobby round=3
